Pre-initializing nav API...
Projection shorter than metadata for outcome_tfidf_174k: 1000 vs 173963
Projection shorter than metadata for regeste_tfidf_174k: 1000 vs 173963
Projection shorter than metadata for full_text_tfidf_light_174k: 1000 vs 173963
Projection shorter than metadata for regeste_full_text_hybrid_0.5_174k: 1000 vs 173963
Projection shorter than metadata for regeste_full_text_hybrid_0.7_174k: 1000 vs 173963
[SpatialIndex] Loaded 1000 points from /home/runner/work/LexMachina/LexMachina/product/results/fractal_map/spatial_indices/spatial_concat_center_tfidf
[SpatialIndex] Loaded 1000 points from /home/runner/work/LexMachina/LexMachina/product/results/fractal_map/spatial_indices/spatial_baseline
[SpatialIndex] Loaded 1000 points from /home/runner/work/LexMachina/LexMachina/product/results/fractal_map/spatial_indices/spatial_hdbscan
[SpatialIndex] Loaded 1000 points from /home/runner/work/LexMachina/LexMachina/product/results/fractal_map/spatial_indices/spatial_hierarchical_leiden
[SpatialIndex] Loaded 1000 points from /home/runner/work/LexMachina/LexMachina/product/results/fractal_map/spatial_indices/spatial_true_hierarchical_leiden
[SpatialIndex] Loaded 1000 points from /home/runner/work/LexMachina/LexMachina/product/results/fractal_map/spatial_indices/spatial_debiased_citation_blended
[SpatialIndex] Loaded 1000 points from /home/runner/work/LexMachina/LexMachina/product/results/fractal_map/spatial_indices/spatial_fractal_map_7res
[SpatialIndex] Loaded 1000 points from /home/runner/work/LexMachina/LexMachina/product/results/fractal_map/spatial_indices/spatial_legal_cited_decisions
[SpatialIndex] Loaded 1000 points from /home/runner/work/LexMachina/LexMachina/product/results/fractal_map/spatial_indices/spatial_center_projected
[SpatialIndex] Loaded 1000 points from /home/runner/work/LexMachina/LexMachina/product/results/fractal_map/spatial_indices/spatial_center_projected_hierarchical
[SpatialIndex] Loaded 1000 points from /home/runner/work/LexMachina/LexMachina/product/results/fractal_map/spatial_indices/spatial_center_projected_64dim_hierarchical
[SpatialIndex] Loaded 1000 points from /home/runner/work/LexMachina/LexMachina/product/results/fractal_map/spatial_indices/spatial_hybrid_alpha_0_3
[SpatialIndex] Loaded 1000 points from /home/runner/work/LexMachina/LexMachina/product/results/fractal_map/spatial_indices/spatial_hybrid_alpha_0_5
[SpatialIndex] Loaded 1000 points from /home/runner/work/LexMachina/LexMachina/product/results/fractal_map/spatial_indices/spatial_legal_issues_outcomes
[SpatialIndex] Loaded 1000 points from /home/runner/work/LexMachina/LexMachina/product/results/fractal_map/spatial_indices/spatial_linear_metric_best
[SpatialIndex] Loaded 1000 points from /home/runner/work/LexMachina/LexMachina/product/results/fractal_map/spatial_indices/spatial_mahalanobis_best
[SpatialIndex] Loaded 1000 points from /home/runner/work/LexMachina/LexMachina/product/results/fractal_map/spatial_indices/spatial_cited_decisions_tfidf
[SpatialIndex] Loaded 1000 points from /home/runner/work/LexMachina/LexMachina/product/results/fractal_map/spatial_indices/spatial_hybrid_cited_decisions_0.3
[SpatialIndex] Loaded 1000 points from /home/runner/work/LexMachina/LexMachina/product/results/fractal_map/spatial_indices/spatial_hybrid_cited_decisions_0.5
[SpatialIndex] Loaded 1000 points from /home/runner/work/LexMachina/LexMachina/product/results/fractal_map/spatial_indices/spatial_hybrid_cited_decisions_0.7
[SpatialIndex] Loaded 1000 points from /home/runner/work/LexMachina/LexMachina/product/results/fractal_map/spatial_indices/spatial_cited_decisions_tfidf_hybrid_cp64_0.3
[SpatialIndex] Loaded 1000 points from /home/runner/work/LexMachina/LexMachina/product/results/fractal_map/spatial_indices/spatial_cited_decisions_tfidf_hybrid_cp64_0.5
[SpatialIndex] Loaded 1000 points from /home/runner/work/LexMachina/LexMachina/product/results/fractal_map/spatial_indices/spatial_cited_decisions_tfidf_hybrid_cp64_0.7
[SpatialIndex] Loaded 1000 points from /home/runner/work/LexMachina/LexMachina/product/results/fractal_map/spatial_indices/spatial_hybrid_stabilized_best
[SpatialIndex] Loaded 1000 points from /home/runner/work/LexMachina/LexMachina/product/results/fractal_map/spatial_indices/spatial_following_alpha0.3
[SpatialIndex] Loaded 1000 points from /home/runner/work/LexMachina/LexMachina/product/results/fractal_map/spatial_indices/spatial_criticizing_alpha0.3
[SpatialIndex] Loaded 1000 points from /home/runner/work/LexMachina/LexMachina/product/results/fractal_map/spatial_indices/spatial_citing_alpha0.3
[SpatialIndex] Loaded 1000 points from /home/runner/work/LexMachina/LexMachina/product/results/fractal_map/spatial_indices/spatial_cited_outcome_hybrid_0.5
[SpatialIndex] Loaded 1000 points from /home/runner/work/LexMachina/LexMachina/product/results/fractal_map/spatial_indices/spatial_cited_outcome_hybrid_0.7
[SpatialIndex] Loaded 1000 points from /home/runner/work/LexMachina/LexMachina/product/results/fractal_map/spatial_indices/spatial_linear_hybrid05_concat
[SpatialIndex] Loaded 173963 points from /home/runner/work/LexMachina/LexMachina/product/results/fractal_map/spatial_indices/spatial_cited_decisions_tfidf_174k
[SpatialIndex] Loaded 173963 points from /home/runner/work/LexMachina/LexMachina/product/results/fractal_map/spatial_indices/spatial_cited_outcome_hybrid_0.5_174k
[SpatialIndex] Loaded 173963 points from /home/runner/work/LexMachina/LexMachina/product/results/fractal_map/spatial_indices/spatial_cited_outcome_hybrid_0.7_174k
[SpatialIndex] Built/loaded 33 spatial indices (33 from disk, 0 rebuilt) in 0.483s
Nav API ready
Creating server...
Server created
Serving...
