Initializing nav...
Projection shorter than metadata for outcome_tfidf_174k: 1000 vs 173963
Projection shorter than metadata for regeste_tfidf_174k: 1000 vs 173963
Projection shorter than metadata for full_text_tfidf_light_174k: 1000 vs 173963
Projection shorter than metadata for regeste_full_text_hybrid_0.5_174k: 1000 vs 173963
Projection shorter than metadata for regeste_full_text_hybrid_0.7_174k: 1000 vs 173963
[SpatialIndex] Loaded 1000 points from /home/runner/work/LexMachina/LexMachina/product/results/fractal_map/spatial_indices/spatial_concat_center_tfidf
[SpatialIndex] Loaded 1000 points from /home/runner/work/LexMachina/LexMachina/product/results/fractal_map/spatial_indices/spatial_baseline
[SpatialIndex] Loaded 1000 points from /home/runner/work/LexMachina/LexMachina/product/results/fractal_map/spatial_indices/spatial_hdbscan
[SpatialIndex] Loaded 1000 points from /home/runner/work/LexMachina/LexMachina/product/results/fractal_map/spatial_indices/spatial_hierarchical_leiden
[SpatialIndex] Loaded 1000 points from /home/runner/work/LexMachina/LexMachina/product/results/fractal_map/spatial_indices/spatial_true_hierarchical_leiden
[SpatialIndex] Loaded 1000 points from /home/runner/work/LexMachina/LexMachina/product/results/fractal_map/spatial_indices/spatial_debiased_citation_blended
[SpatialIndex] Loaded 1000 points from /home/runner/work/LexMachina/LexMachina/product/results/fractal_map/spatial_indices/spatial_fractal_map_7res
[SpatialIndex] Loaded 1000 points from /home/runner/work/LexMachina/LexMachina/product/results/fractal_map/spatial_indices/spatial_legal_cited_decisions
[SpatialIndex] Loaded 1000 points from /home/runner/work/LexMachina/LexMachina/product/results/fractal_map/spatial_indices/spatial_center_projected
[SpatialIndex] Loaded 1000 points from /home/runner/work/LexMachina/LexMachina/product/results/fractal_map/spatial_indices/spatial_center_projected_hierarchical
[SpatialIndex] Loaded 1000 points from /home/runner/work/LexMachina/LexMachina/product/results/fractal_map/spatial_indices/spatial_center_projected_64dim_hierarchical
[SpatialIndex] Loaded 1000 points from /home/runner/work/LexMachina/LexMachina/product/results/fractal_map/spatial_indices/spatial_hybrid_alpha_0_3
[SpatialIndex] Loaded 1000 points from /home/runner/work/LexMachina/LexMachina/product/results/fractal_map/spatial_indices/spatial_hybrid_alpha_0_5
[SpatialIndex] Loaded 1000 points from /home/runner/work/LexMachina/LexMachina/product/results/fractal_map/spatial_indices/spatial_legal_issues_outcomes
[SpatialIndex] Loaded 173963 points from /home/runner/work/LexMachina/LexMachina/product/results/fractal_map/spatial_indices/spatial_cited_decisions_tfidf_174k
[SpatialIndex] Loaded 173963 points from /home/runner/work/LexMachina/LexMachina/product/results/fractal_map/spatial_indices/spatial_cited_outcome_hybrid_0.5_174k
[SpatialIndex] Loaded 173963 points from /home/runner/work/LexMachina/LexMachina/product/results/fractal_map/spatial_indices/spatial_cited_outcome_hybrid_0.7_174k
[SpatialIndex] Built/loaded 17 spatial indices (17 from disk, 0 rebuilt) in 0.442s
Nav initialized
Default rep: cited_outcome_hybrid_0.5_174k
Creating server...
Server created
Server socket: <socket.socket fd=3, family=2, type=1, proto=0, laddr=('0.0.0.0', 8093)>
Server address: ('0.0.0.0', 8093)
Calling serve_forever...
