Projection shorter than metadata for outcome_tfidf_174k: 1000 vs 173963
Projection shorter than metadata for regeste_tfidf_174k: 1000 vs 173963
Projection shorter than metadata for full_text_tfidf_light_174k: 1000 vs 173963
Projection shorter than metadata for regeste_full_text_hybrid_0.5_174k: 1000 vs 173963
Projection shorter than metadata for regeste_full_text_hybrid_0.7_174k: 1000 vs 173963
Initializing LexMachina navigation...
[SpatialIndex] Loaded 1000 points from /home/runner/work/LexMachina/LexMachina/product/results/fractal_map/spatial_indices/spatial_concat_center_tfidf
[SpatialIndex] Loaded 1000 points from /home/runner/work/LexMachina/LexMachina/product/results/fractal_map/spatial_indices/spatial_baseline
[SpatialIndex] Loaded 1000 points from /home/runner/work/LexMachina/LexMachina/product/results/fractal_map/spatial_indices/spatial_hdbscan
[SpatialIndex] Loaded 1000 points from /home/runner/work/LexMachina/LexMachina/product/results/fractal_map/spatial_indices/spatial_hierarchical_leiden
[SpatialIndex] Loaded 1000 points from /home/runner/work/LexMachina/LexMachina/product/results/fractal_map/spatial_indices/spatial_true_hierarchical_leiden
[SpatialIndex] Loaded 1000 points from /home/runner/work/LexMachina/LexMachina/product/results/fractal_map/spatial_indices/spatial_debiased_citation_blended
[SpatialIndex] Loaded 1000 points from /home/runner/work/LexMachina/LexMachina/product/results/fractal_map/spatial_indices/spatial_fractal_map_7res
[SpatialIndex] Loaded 1000 points from /home/runner/work/LexMachina/LexMachina/product/results/fractal_map/spatial_indices/spatial_legal_cited_decisions
[SpatialIndex] Loaded 1000 points from /home/runner/work/LexMachina/LexMachina/product/results/fractal_map/spatial_indices/spatial_center_projected
[SpatialIndex] Loaded 1000 points from /home/runner/work/LexMachina/LexMachina/product/results/fractal_map/spatial_indices/spatial_center_projected_hierarchical
[SpatialIndex] Loaded 1000 points from /home/runner/work/LexMachina/LexMachina/product/results/fractal_map/spatial_indices/spatial_center_projected_64dim_hierarchical
[SpatialIndex] Loaded 1000 points from /home/runner/work/LexMachina/LexMachina/product/results/fractal_map/spatial_indices/spatial_hybrid_alpha_0_3
[SpatialIndex] Loaded 1000 points from /home/runner/work/LexMachina/LexMachina/product/results/fractal_map/spatial_indices/spatial_hybrid_alpha_0_5
[SpatialIndex] Loaded 1000 points from /home/runner/work/LexMachina/LexMachina/product/results/fractal_map/spatial_indices/spatial_legal_issues_outcomes
[SpatialIndex] Loaded 1000 points from /home/runner/work/LexMachina/LexMachina/product/results/fractal_map/spatial_indices/spatial_linear_metric_best
[SpatialIndex] Loaded 1000 points from /home/runner/work/LexMachina/LexMachina/product/results/fractal_map/spatial_indices/spatial_mahalanobis_best
[SpatialIndex] Loaded 1000 points from /home/runner/work/LexMachina/LexMachina/product/results/fractal_map/spatial_indices/spatial_cited_decisions_tfidf
[SpatialIndex] Loaded 1000 points from /home/runner/work/LexMachina/LexMachina/product/results/fractal_map/spatial_indices/spatial_hybrid_cited_decisions_0.3
[SpatialIndex] Loaded 1000 points from /home/runner/work/LexMachina/LexMachina/product/results/fractal_map/spatial_indices/spatial_hybrid_cited_decisions_0.5
[SpatialIndex] Loaded 1000 points from /home/runner/work/LexMachina/LexMachina/product/results/fractal_map/spatial_indices/spatial_hybrid_cited_decisions_0.7
[SpatialIndex] Loaded 1000 points from /home/runner/work/LexMachina/LexMachina/product/results/fractal_map/spatial_indices/spatial_cited_decisions_tfidf_hybrid_cp64_0.3
[SpatialIndex] Loaded 1000 points from /home/runner/work/LexMachina/LexMachina/product/results/fractal_map/spatial_indices/spatial_cited_decisions_tfidf_hybrid_cp64_0.5
[SpatialIndex] Loaded 1000 points from /home/runner/work/LexMachina/LexMachina/product/results/fractal_map/spatial_indices/spatial_cited_decisions_tfidf_hybrid_cp64_0.7
[SpatialIndex] Loaded 1000 points from /home/runner/work/LexMachina/LexMachina/product/results/fractal_map/spatial_indices/spatial_hybrid_stabilized_best
[SpatialIndex] Loaded 1000 points from /home/runner/work/LexMachina/LexMachina/product/results/fractal_map/spatial_indices/spatial_following_alpha0.3
[SpatialIndex] Loaded 1000 points from /home/runner/work/LexMachina/LexMachina/product/results/fractal_map/spatial_indices/spatial_criticizing_alpha0.3
[SpatialIndex] Loaded 1000 points from /home/runner/work/LexMachina/LexMachina/product/results/fractal_map/spatial_indices/spatial_citing_alpha0.3
[SpatialIndex] Loaded 1000 points from /home/runner/work/LexMachina/LexMachina/product/results/fractal_map/spatial_indices/spatial_cited_outcome_hybrid_0.5
[SpatialIndex] Loaded 1000 points from /home/runner/work/LexMachina/LexMachina/product/results/fractal_map/spatial_indices/spatial_cited_outcome_hybrid_0.7
[SpatialIndex] Loaded 1000 points from /home/runner/work/LexMachina/LexMachina/product/results/fractal_map/spatial_indices/spatial_linear_hybrid05_concat
[SpatialIndex] Loaded 173963 points from /home/runner/work/LexMachina/LexMachina/product/results/fractal_map/spatial_indices/spatial_cited_decisions_tfidf_174k
[SpatialIndex] Loaded 173963 points from /home/runner/work/LexMachina/LexMachina/product/results/fractal_map/spatial_indices/spatial_cited_outcome_hybrid_0.5_174k
[SpatialIndex] Loaded 173963 points from /home/runner/work/LexMachina/LexMachina/product/results/fractal_map/spatial_indices/spatial_cited_outcome_hybrid_0.7_174k
[SpatialIndex] Built/loaded 33 spatial indices (33 from disk, 0 rebuilt) in 0.472s
Loaded 1002 decisions, 33 maps, 6 section modes, citation graph: {'n_decisions_with_citations': 174, 'total_citation_edges': 2105}, zoom coherence: True, TF-IDF model: True
Available representations: ['concat_center_tfidf', 'baseline', 'hdbscan', 'hierarchical_leiden', 'true_hierarchical_leiden', 'debiased_citation_blended', 'fractal_map_7res', 'legal_cited_decisions', 'center_projected', 'center_projected_hierarchical', 'center_projected_64dim_hierarchical', 'hybrid_alpha_0_3', 'hybrid_alpha_0_5', 'legal_issues_outcomes', 'linear_metric_best', 'mahalanobis_best', 'cited_decisions_tfidf', 'hybrid_cited_decisions_0.3', 'hybrid_cited_decisions_0.5', 'hybrid_cited_decisions_0.7', 'cited_decisions_tfidf_hybrid_cp64_0.3', 'cited_decisions_tfidf_hybrid_cp64_0.5', 'cited_decisions_tfidf_hybrid_cp64_0.7', 'hybrid_stabilized_best', 'following_alpha0.3', 'criticizing_alpha0.3', 'citing_alpha0.3', 'cited_outcome_hybrid_0.5', 'cited_outcome_hybrid_0.7', 'linear_hybrid05_concat', 'cited_decisions_tfidf_174k', 'cited_outcome_hybrid_0.5_174k', 'cited_outcome_hybrid_0.7_174k']
  concat_center_tfidf: zoom levels = [0, 1, 2, 3]
  baseline: zoom levels = [0, 1, 2, 3]
  hdbscan: zoom levels = [0, 1, 2, 3]
  hierarchical_leiden: zoom levels = [0, 1, 2]
  true_hierarchical_leiden: zoom levels = [0, 1]
  debiased_citation_blended: zoom levels = [0, 1, 2, 3, 4, 5, 6]
  fractal_map_7res: zoom levels = [0, 1, 2, 3, 4, 5, 6, 7]
  legal_cited_decisions: zoom levels = [0, 1, 2, 3, 4, 5, 6]
  center_projected: zoom levels = [0, 1, 2, 3]
  center_projected_hierarchical: zoom levels = [0, 1, 2, 3, 4, 5, 6, 7]
  center_projected_64dim_hierarchical: zoom levels = [0, 1]
  hybrid_alpha_0_3: zoom levels = [0, 1, 2, 3]
  hybrid_alpha_0_5: zoom levels = [0, 1, 2, 3]
  legal_issues_outcomes: zoom levels = [0, 1, 2, 3, 4, 5, 6]
  linear_metric_best: zoom levels = [0, 1, 2, 3, 4, 5, 6]
  mahalanobis_best: zoom levels = [0, 1, 2, 3, 4, 5, 6]
  cited_decisions_tfidf: zoom levels = [0, 1, 2, 3, 4, 5, 6]
  hybrid_cited_decisions_0.3: zoom levels = [0, 1, 2, 3, 4, 5, 6]
  hybrid_cited_decisions_0.5: zoom levels = [0, 1, 2, 3, 4, 5, 6]
  hybrid_cited_decisions_0.7: zoom levels = [0, 1, 2, 3, 4, 5, 6]
  cited_decisions_tfidf_hybrid_cp64_0.3: zoom levels = [0, 1, 2, 3, 4, 5, 6]
  cited_decisions_tfidf_hybrid_cp64_0.5: zoom levels = [0, 1, 2, 3, 4, 5, 6]
  cited_decisions_tfidf_hybrid_cp64_0.7: zoom levels = [0, 1, 2, 3, 4, 5, 6]
  hybrid_stabilized_best: zoom levels = [0, 1, 2, 3, 4, 5, 6]
  following_alpha0.3: zoom levels = [0, 1, 2, 3, 4, 5, 6]
  criticizing_alpha0.3: zoom levels = [0, 1, 2, 3, 4, 5, 6]
  citing_alpha0.3: zoom levels = [0, 1, 2, 3, 4, 5, 6]
  cited_outcome_hybrid_0.5: zoom levels = [0, 1, 2, 3, 4, 5, 6]
  cited_outcome_hybrid_0.7: zoom levels = [0, 1, 2, 3, 4, 5, 6]
  linear_hybrid05_concat: zoom levels = [0, 1, 2, 3, 4, 5, 6]
  cited_decisions_tfidf_174k: zoom levels = [0, 1, 2, 3, 4, 5, 6]
  cited_outcome_hybrid_0.5_174k: zoom levels = [0, 1, 3, 5, 6]